exports[`Cell cell renders correctly 1`] = `
<div
  className="col6 kYySsF"
  style={
    Object {
      "alignSelf": "center",
      "width": "50%",
    }
  }>
  <div>
    One
  </div>
</div>
`;
